<testsuite tests="293">
  <testcase classname="BDI_AdditionalObjectService_TEST" name="dynamicParentAdditionalObjectsShouldBeCreated" time="3801" />
  <testcase classname="BDI_AdditionalObjectService_TEST" name="givenAdditionalObjectsFailWhenProcessedThenAssertFailureInformation" time="1048" />
  <testcase classname="BDI_AdditionalObjectService_TEST" name="givenDataImportHasAddtlObjectWhenDryRunThenAssertPredecessorErrorsSuppressed" time="1053" />
  <testcase classname="BDI_AdditionalObjectService_TEST" name="givenOppHasBeenImportedWhenReprocessedThenAssertAdditionalObjectsImported" time="4757" />
  <testcase classname="BDI_AdditionalObjectService_TEST" name="givenOppHasBeenMatchedWhenReprocessedThenAssertAdditionalObjectsImported" time="3527" />
  <testcase classname="BDI_AdditionalObjectService_TEST" name="setupTestData" time="5612" />
  <testcase classname="BDI_AdditionalObjectService_TEST" name="shouldCreateAdditionalGAUAllocationsAndOCRs" time="2866" />
  <testcase classname="BDI_AdditionalObjectService_TEST" name="shouldCreateChildDynamicAdditionalObjects" time="2378" />
  <testcase classname="BDI_AdditionalObjectService_TEST" name="shouldCreateParentAdditionalObjects" time="2540" />
  <testcase classname="BDI_AdditionalObjectService_TEST" name="shouldNotCreateGAUAllocationsOrOCRs" time="2781" />
  <testcase classname="BDI_AdditionalObjectService_TEST" name="shouldUpdateAdditionalGAUAllocationsAndOCRs" time="3676" />
  <testcase classname="BDI_BatchNumberSettingsController_TEST" name="setupTestData" time="101" />
  <testcase classname="BDI_BatchNumberSettingsController_TEST" name="shouldActivate" time="218" />
  <testcase classname="BDI_BatchNumberSettingsController_TEST" name="shouldDeactivate" time="49" />
  <testcase classname="BDI_BatchNumberSettingsController_TEST" name="shouldGetAutoNumbers" time="514" />
  <testcase classname="BDI_BatchNumberSettingsController_TEST" name="shouldPreventSaveOfDuplicate" time="54" />
  <testcase classname="BDI_BatchNumberSettingsController_TEST" name="shouldSave" time="43" />
  <testcase classname="BDI_BatchOverride_TEST" name="saveClonedBatch" time="555" />
  <testcase classname="BDI_BatchOverride_TEST" name="saveExistingBatch" time="150" />
  <testcase classname="BDI_BatchOverride_TEST" name="saveNewBatch" time="79" />
  <testcase classname="BDI_BatchOverride_TEST" name="setupTestData" time="26" />
  <testcase classname="BDI_BatchOverride_TEST" name="testBDIBatchUISaveValidation" time="27" />
  <testcase classname="BDI_ContactService_TEST" name="createContactsForMatch" time="1340" />
  <testcase classname="BDI_ContactService_TEST" name="dupeMgmtShouldMatchAndUpdateDIs" time="3537" />
  <testcase classname="BDI_DataImportAPI_TEST" name="processErrorBatch" time="285" />
  <testcase classname="BDI_DataImportAPI_TEST" name="processNoBatch" time="1533" />
  <testcase classname="BDI_DataImportAPI_TEST" name="processRecordsAndCreateOpportunity" time="848" />
  <testcase classname="BDI_DataImportAPI_TEST" name="processRecordsDryRun" time="267" />
  <testcase classname="BDI_DataImportAPI_TEST" name="processRecordsImport" time="619" />
  <testcase classname="BDI_DataImportAPI_TEST" name="processRecordsWithAllFields" time="669" />
  <testcase classname="BDI_DataImportAPI_TEST" name="processSingleBatch" time="1177" />
  <testcase classname="BDI_DataImportAPI_TEST" name="processTwoBatches" time="1956" />
  <testcase classname="BDI_DataImportAPI_TEST" name="setupTestData" time="18" />
  <testcase classname="BDI_DataImportBatch_TEST" name="scheduleMaxMultipleBatches" time="58195" />
  <testcase classname="BDI_DataImportBatch_TEST" name="scheduleMultipleBatches" time="4151" />
  <testcase classname="BDI_DataImportBatch_TEST" name="scheduleSingleBatch" time="1697" />
  <testcase classname="BDI_DataImportBatch_TEST" name="scheduleTooManyMultipleBatches" time="58559" />
  <testcase classname="BDI_DataImportBatch_TEST" name="setupTestData" time="44" />
  <testcase classname="BDI_DataImportBatch_TEST" name="shouldHandleStatusUpdateAcrossMultipleBatches" time="365" />
  <testcase classname="BDI_DataImportBatch_TEST" name="shouldMarkNewBatchesAsOpen" time="268" />
  <testcase classname="BDI_DataImportCTRL_TEST" name="TestBDIVisualforcePage" time="5453" />
  <testcase classname="BDI_DataImportCTRL_TEST" name="TestBDIVisualforcePageValidation" time="141" />
  <testcase classname="BDI_DataImportCTRL_TEST" name="setupTestData" time="15" />
  <testcase classname="BDI_DataImportCTRL_TEST" name="testBDIDryRun" time="861" />
  <testcase classname="BDI_DataImportCTRL_TEST" name="testBatchStartImportButton" time="81" />
  <testcase classname="BDI_DataImportCTRL_TEST" name="testSelectedDIButton" time="29870" />
  <testcase classname="BDI_DataImportCTRL_TEST" name="testSelectedDIDryRun" time="8191" />
  <testcase classname="BDI_DataImportCTRL_TEST" name="testUserCanEditSettings" time="520" />
  <testcase classname="BDI_DataImportCTRL_TEST" name="testUserCannotEditSettings" time="279" />
  <testcase classname="BDI_DataImportDeleteBTN_TEST" name="TestCannotDeleteImportedDataImportRecordsBtn" time="587" />
  <testcase classname="BDI_DataImportDeleteBTN_TEST" name="TestCloseWhenRetUrlIsBlank" time="15" />
  <testcase classname="BDI_DataImportDeleteBTN_TEST" name="TestCloseWhenRetUrlIsNotProvided" time="4" />
  <testcase classname="BDI_DataImportDeleteBTN_TEST" name="TestCloseWhenRetUrlIsProvided" time="4" />
  <testcase classname="BDI_DataImportDeleteBTN_TEST" name="TestDeleteAllDataImportRecordsBtn" time="437" />
  <testcase classname="BDI_DataImportDeleteBTN_TEST" name="TestDeleteAllDataImportRecordsBtnExceptionMessageDisplay" time="563" />
  <testcase classname="BDI_DataImportDeleteBTN_TEST" name="TestDeleteImportedDataImportRecordsBtn" time="296" />
  <testcase classname="BDI_DataImportDeleteBTN_TEST" name="TestDeleteImportedDataImportRecordsBtnExceptionMessageDisplay" time="333" />
  <testcase classname="BDI_DataImportDeleteBTN_TEST" name="TestErrorMessageDisplayWhenPageActionParameterIsInvalid" time="123" />
  <testcase classname="BDI_DataImportDeleteBTN_TEST" name="TestErrorMessageDisplayWhenPageActionParameterIsNotProvided" time="97" />
  <testcase classname="BDI_DataImportDeleteBTN_TEST" name="setupTestData" time="17" />
  <testcase classname="BDI_DataImportDeleteBTN_TEST" name="throwsExceptionWhenUserCannotDelete" time="316" />
  <testcase classname="BDI_DataImportFLSService_TEST" name="givenMasterDetailFieldPopulatedThenAssertFieldIsValidatedAsUpdateable" time="1950" />
  <testcase classname="BDI_DataImportFLSService_TEST" name="givenRecordHasLookupFieldPopulatedInMemoryThenAssertFieldInvalidated" time="2418" />
  <testcase classname="BDI_DataImportFLSService_TEST" name="givenRecordHasLookupFieldPopulatedInMemoryThenAssertFieldValidated" time="179" />
  <testcase classname="BDI_DataImportFLSService_TEST" name="setupTestData" time="26" />
  <testcase classname="BDI_DataImportFLSService_TEST" name="testCampaignIdIsValidateUpdateException" time="161" />
  <testcase classname="BDI_DataImportFLSService_TEST" name="testMasterDetailFieldValid" time="16" />
  <testcase classname="BDI_DataImportFLSService_TEST" name="testNormalFieldValid" time="11" />
  <testcase classname="BDI_DataImportService_TEST" name="rollupTriggersAreDeactivatedWhenRunRollupSettingsIsNotChecked" time="558" />
  <testcase classname="BDI_DataImportService_TEST" name="rollupTriggersAreNotDeactivatedWhenRunRollupSettingsIsChecked" time="150" />
  <testcase classname="BDI_DataImportService_TEST" name="setupTestData" time="22" />
  <testcase classname="BDI_DataImportService_TEST" name="shouldBypassDataImportsWithFailedCriteria" time="490" />
  <testcase classname="BDI_DataImportService_TEST" name="shouldProcessDataImportsWithCapturedStatus" time="2400" />
  <testcase classname="BDI_DataImportService_TEST" name="shouldProcessDryRunDataImportsWhenAuthorized" time="601" />
  <testcase classname="BDI_DataImportService_TEST" name="shouldReturnWhetherFieldsArePopulated" time="25" />
  <testcase classname="BDI_DataImportService_TEST" name="testImportAccounts" time="2385" />
  <testcase classname="BDI_DataImportService_TEST" name="testUniqueIdHandling" time="30" />
  <testcase classname="BDI_DataImport_TEST" name="ManyDISameHomeAddresses" time="3936" />
  <testcase classname="BDI_DataImport_TEST" name="OneDIDuplicateNewContacts" time="1187" />
  <testcase classname="BDI_DataImport_TEST" name="OneDIExistingContacts1x1" time="1163" />
  <testcase classname="BDI_DataImport_TEST" name="OneDIExistingContactsCaseInsensitive" time="1689" />
  <testcase classname="BDI_DataImport_TEST" name="OneDIExistingContactsExistingHousehold" time="1507" />
  <testcase classname="BDI_DataImport_TEST" name="OneDITwoExistingContacts" time="1458" />
  <testcase classname="BDI_DataImport_TEST" name="OneDITwoNewAccounts" time="919" />
  <testcase classname="BDI_DataImport_TEST" name="OneDITwoNewContacts" time="1154" />
  <testcase classname="BDI_DataImport_TEST" name="OneDITwoSameAccounts" time="741" />
  <testcase classname="BDI_DataImport_TEST" name="OneDIWithoutFirstName" time="1373" />
  <testcase classname="BDI_DataImport_TEST" name="TwoDIAffiliations" time="1775" />
  <testcase classname="BDI_DataImport_TEST" name="TwoDIDuplicateNewContacts" time="1053" />
  <testcase classname="BDI_DataImport_TEST" name="TwoDIDuplicateNewContactsDifferentOrder" time="1569" />
  <testcase classname="BDI_DataImport_TEST" name="TwoDIExistingAccounts" time="1418" />
  <testcase classname="BDI_DataImport_TEST" name="TwoDIExistingAccountsSalesforceId" time="1798" />
  <testcase classname="BDI_DataImport_TEST" name="TwoDIExistingHomeAddresses" time="1754" />
  <testcase classname="BDI_DataImport_TEST" name="TwoDIHomeAddresses" time="1499" />
  <testcase classname="BDI_DataImport_TEST" name="TwoDIHomeAddressesAddrMgmtOff" time="1392" />
  <testcase classname="BDI_DataImport_TEST" name="TwoDIMixedAddresses" time="1543" />
  <testcase classname="BDI_DataImport_TEST" name="TwoDIMixedAddressesAddrMgmtOff" time="1277" />
  <testcase classname="BDI_DataImport_TEST" name="TwoDINewContactsExistingsHousehold" time="1559" />
  <testcase classname="BDI_DataImport_TEST" name="TwoDISameAccounts" time="786" />
  <testcase classname="BDI_DataImport_TEST" name="TwoDITwoNewContacts" time="1062" />
  <testcase classname="BDI_DataImport_TEST" name="TwoDITwoNewContactsHouseholdFields" time="1266" />
  <testcase classname="BDI_DataImport_TEST" name="TwoDIWithAccountDonations" time="1153" />
  <testcase classname="BDI_DataImport_TEST" name="TwoDIWithCampaignMembers" time="2747" />
  <testcase classname="BDI_DataImport_TEST" name="TwoDIWithDonationErrors" time="1075" />
  <testcase classname="BDI_DataImport_TEST" name="TwoDIWithDonations" time="1496" />
  <testcase classname="BDI_DataImport_TEST" name="TwoDIWithDonationsAndCampaignIds" time="1423" />
  <testcase classname="BDI_DataImport_TEST" name="TwoDIWithDonationsAndCampaignIdsAfterDryRun" time="1920" />
  <testcase classname="BDI_DataImport_TEST" name="TwoDIWithDonationsAndCampaignIdsInDryRun" time="1098" />
  <testcase classname="BDI_DataImport_TEST" name="TwoDIWithDonationsAndCampaigns" time="1408" />
  <testcase classname="BDI_DataImport_TEST" name="TwoDIWithDonationsAndDuplicateCampaignNameInDryRun" time="811" />
  <testcase classname="BDI_DataImport_TEST" name="TwoDIWithDonationsAndDuplicateCampaignNames" time="1355" />
  <testcase classname="BDI_DataImport_TEST" name="setupTestData" time="19" />
  <testcase classname="BDI_DataImport_TEST" name="shouldSetBatchStatusToCompleted" time="243" />
  <testcase classname="BDI_DataImport_TEST" name="shouldSetBatchStatusToFailed" time="148" />
  <testcase classname="BDI_DataImport_TEST" name="shouldSetBatchStatusToOpen" time="178" />
  <testcase classname="BDI_DataImport_TEST2" name="ManyDIDuplicateEmailExistingContacts" time="1637" />
  <testcase classname="BDI_DataImport_TEST2" name="ManyDIDuplicateEmailNewContacts" time="1070" />
  <testcase classname="BDI_DataImport_TEST2" name="ManyDIDuplicateNewContactManyFields" time="1025" />
  <testcase classname="BDI_DataImport_TEST2" name="ManyDIDuplicatePhoneNewContacts" time="1039" />
  <testcase classname="BDI_DataImport_TEST2" name="ManyDIMultiContactMatchRules1" time="1842" />
  <testcase classname="BDI_DataImport_TEST2" name="ManyDIMultiContactMatchRules2" time="2372" />
  <testcase classname="BDI_DataImport_TEST2" name="ManyDIMultiContactMatchRules3" time="1575" />
  <testcase classname="BDI_DataImport_TEST2" name="ManyDIMultiContactMatchRules4" time="1605" />
  <testcase classname="BDI_DataImport_TEST2" name="ManyDIMultiContactMatchRules5" time="1527" />
  <testcase classname="BDI_DataImport_TEST2" name="ManyDIMultiContactMatchRules6" time="1551" />
  <testcase classname="BDI_DataImport_TEST2" name="ManyDIMultiContactMatchRules7" time="1555" />
  <testcase classname="BDI_DataImport_TEST2" name="ManyDIMultiContactMatchRules8" time="1536" />
  <testcase classname="BDI_DataImport_TEST2" name="ManyDIMultiContactMatchRules9" time="1594" />
  <testcase classname="BDI_DataImport_TEST2" name="ManyDIOverlappingEmailExistingContacts" time="1158" />
  <testcase classname="BDI_DataImport_TEST2" name="ManyDIOverlappingPhoneExistingContacts" time="1196" />
  <testcase classname="BDI_DataImport_TEST2" name="ManyDISalesforceIdMatchingExistingAndNewContacts" time="1412" />
  <testcase classname="BDI_DataImport_TEST2" name="ManyDISalesforceIdMatchingExistingContacts" time="1257" />
  <testcase classname="BDI_DataImport_TEST2" name="ManyDISomeInvalidContactData" time="1321" />
  <testcase classname="BDI_DataImport_TEST2" name="ManyDITestAccountDataErrorHandling" time="1350" />
  <testcase classname="BDI_DataImport_TEST2" name="ManyDITestAddressDataErrorHandling" time="1692" />
  <testcase classname="BDI_DataImport_TEST2" name="ManyDITestCampaignDataErrorHandling" time="1448" />
  <testcase classname="BDI_DataImport_TEST2" name="ManyDITestContactDataErrorHandling" time="2069" />
  <testcase classname="BDI_DataImport_TEST2" name="ManyDITestDonationDataErrorHandling" time="1618" />
  <testcase classname="BDI_DataImport_TEST2" name="ManyDIUniqueIdMatchingExistingAccounts" time="938" />
  <testcase classname="BDI_DataImport_TEST2" name="ManyDIUniqueIdMatchingExistingContacts" time="1217" />
  <testcase classname="BDI_DataImport_TEST2" name="ManyDIUniqueIdMatchingNewAndExistingAccounts" time="912" />
  <testcase classname="BDI_DataImport_TEST2" name="ManyDIUniqueIdMatchingNewAndExistingContacts" time="1574" />
  <testcase classname="BDI_DataImport_TEST2" name="ManyDIUniqueIdNewAccounts" time="879" />
  <testcase classname="BDI_DataImport_TEST2" name="ManyDIUniqueIdNewContacts" time="1008" />
  <testcase classname="BDI_DataImport_TEST2" name="ManyDIUniqueIdNotMatchingExistingContacts" time="1523" />
  <testcase classname="BDI_DataImport_TEST2" name="OneDISalesforceIdMatchingExistingAndNewContact" time="1383" />
  <testcase classname="BDI_DataImport_TEST2" name="SingleDISalesforceIdMatchingExistingHousehold" time="2135" />
  <testcase classname="BDI_DataImport_TEST2" name="TwoDIExistingC2PartialMatch" time="1248" />
  <testcase classname="BDI_DataImport_TEST2" name="TwoDINewC2PartialMatch" time="1170" />
  <testcase classname="BDI_DataImport_TEST2" name="givenUserHasOnlyReadAccessWhenUsingCMTMapThenImportsShouldFail" time="1406" />
  <testcase classname="BDI_DataImport_TEST2" name="givenUserHasOnlyReadAccessWhenUsingHelpTextMapThenImportsShouldFail" time="1257" />
  <testcase classname="BDI_DataImport_TEST2" name="setupTestData" time="10" />
  <testcase classname="BDI_DataImport_TEST2" name="testInvalidAccountModel" time="186" />
  <testcase classname="BDI_DataImport_TEST2" name="testInvalidAddressHandling" time="2123" />
  <testcase classname="BDI_DataImport_TEST2" name="testOneToOneAccountModelWithADV" time="5" />
  <testcase classname="BDI_DataImport_TEST2" name="testPreferredEmailAutoSetting" time="1097" />
  <testcase classname="BDI_DataImport_TEST2" name="testPreferredPhoneAutoSetting" time="1146" />
  <testcase classname="BDI_Donations_TEST" name="TwoDIWithExistingDonations" time="3794" />
  <testcase classname="BDI_Donations_TEST" name="TwoDIWithExistingDonationsNoExtraPaymentUpdates" time="2324" />
  <testcase classname="BDI_Donations_TEST" name="TwoDIWithExistingDonationsOneDupe" time="2888" />
  <testcase classname="BDI_Donations_TEST" name="TwoDIWithExistingDonationsPreservePaymentDate" time="2522" />
  <testcase classname="BDI_Donations_TEST" name="TwoDIWithExistingDonationsSpecified" time="2317" />
  <testcase classname="BDI_Donations_TEST" name="TwoDIWithExistingDonationsSpecified_mapAndUpdateCheckbox" time="2320" />
  <testcase classname="BDI_Donations_TEST" name="TwoDIWithExistingDonationsSpecified_mapCheckboxNoUpdate" time="3170" />
  <testcase classname="BDI_Donations_TEST" name="TwoDIWithExistingPaymentsSpecified" time="2396" />
  <testcase classname="BDI_Donations_TEST" name="TwoDIWithUserSelectedExistingDonations" time="2903" />
  <testcase classname="BDI_Donations_TEST" name="TwoDIWithUserSelectedExistingDonationsApplyNewPayment" time="2657" />
  <testcase classname="BDI_Donations_TEST" name="TwoDIWithUserSelectedNewOpportunities" time="2522" />
  <testcase classname="BDI_Donations_TEST" name="currencyShouldCopyToOpportunity" time="5" />
  <testcase classname="BDI_Donations_TEST" name="dataImportWithExistingDonationInNonDefaultCurrency" time="4" />
  <testcase classname="BDI_Donations_TEST" name="dataImportWithNonMatchingCurrencyDonation" time="5" />
  <testcase classname="BDI_Donations_TEST" name="donationStageNameTests" time="898" />
  <testcase classname="BDI_Donations_TEST" name="givenUserSelectedOppHasWrittenOffPmtsWhenProcessedThenOppShouldBeUpdated" time="1273" />
  <testcase classname="BDI_Donations_TEST" name="matchDonationIdToPaidClosedOppBestMatchOrCreate" time="2484" />
  <testcase classname="BDI_Donations_TEST" name="matchDonationIdToPaidClosedOppDoNotMatch" time="2360" />
  <testcase classname="BDI_Donations_TEST" name="matchDonationIdToPaidClosedOppExactMatchOrCreate" time="2328" />
  <testcase classname="BDI_Donations_TEST" name="matchDonationIdToPaidClosedOppRequireBestMatch" time="2414" />
  <testcase classname="BDI_Donations_TEST" name="matchDonationIdToPaidClosedOppRequireExactMatch" time="2594" />
  <testcase classname="BDI_Donations_TEST" name="matchDonationIdToPaidClosedOppRequireNoMatch" time="2362" />
  <testcase classname="BDI_Donations_TEST" name="matchPaymentIdToPaidClosedOppBestMatchOrCreate" time="2533" />
  <testcase classname="BDI_Donations_TEST" name="matchPaymentIdToPaidClosedOppDoNotMatch" time="2390" />
  <testcase classname="BDI_Donations_TEST" name="matchPaymentIdToPaidClosedOppExactMatchOrCreate" time="2518" />
  <testcase classname="BDI_Donations_TEST" name="matchPaymentIdToPaidClosedOppRequireBestMatch" time="2514" />
  <testcase classname="BDI_Donations_TEST" name="matchPaymentIdToPaidClosedOppRequireExactMatch" time="2561" />
  <testcase classname="BDI_Donations_TEST" name="matchPaymentIdToPaidClosedOppRequireNoMatch" time="2414" />
  <testcase classname="BDI_Donations_TEST" name="opportunityShouldHaveBatchNumber" time="220" />
  <testcase classname="BDI_Donations_TEST" name="opportunityShouldNotHaveBatchNumber_Updated" time="303" />
  <testcase classname="BDI_Donations_TEST" name="paymentShouldHaveBatchNumber_paid" time="414" />
  <testcase classname="BDI_Donations_TEST" name="paymentShouldNotHaveBatchNumber_NoBatchNumber" time="421" />
  <testcase classname="BDI_Donations_TEST" name="paymentShouldNotHaveBatchNumber_unpaid" time="407" />
  <testcase classname="BDI_Donations_TEST" name="rollupShouldNotBeCalculatedWhenRollupSettingsIsNotChecked" time="1311" />
  <testcase classname="BDI_Donations_TEST" name="setupTestData" time="13" />
  <testcase classname="BDI_Donations_TEST3" name="donationMatchRules1" time="5554" />
  <testcase classname="BDI_Donations_TEST3" name="donationMatchRules10" time="3138" />
  <testcase classname="BDI_Donations_TEST3" name="donationMatchRules10b" time="3087" />
  <testcase classname="BDI_Donations_TEST3" name="donationMatchRules11" time="3253" />
  <testcase classname="BDI_Donations_TEST3" name="donationMatchRules11b" time="3470" />
  <testcase classname="BDI_Donations_TEST3" name="donationMatchRules12" time="3109" />
  <testcase classname="BDI_Donations_TEST3" name="donationMatchRules13" time="3098" />
  <testcase classname="BDI_Donations_TEST3" name="donationMatchRules14" time="3184" />
  <testcase classname="BDI_Donations_TEST3" name="donationMatchRules14b" time="2912" />
  <testcase classname="BDI_Donations_TEST3" name="donationMatchRules14c" time="3430" />
  <testcase classname="BDI_Donations_TEST3" name="donationMatchRules15" time="3149" />
  <testcase classname="BDI_Donations_TEST3" name="donationMatchRules16" time="3171" />
  <testcase classname="BDI_Donations_TEST3" name="donationMatchRules17" time="3009" />
  <testcase classname="BDI_Donations_TEST3" name="donationMatchRules18a" time="3217" />
  <testcase classname="BDI_Donations_TEST3" name="donationMatchRules18b" time="3216" />
  <testcase classname="BDI_Donations_TEST3" name="donationMatchRules18c" time="3222" />
  <testcase classname="BDI_Donations_TEST3" name="donationMatchRules18d" time="2916" />
  <testcase classname="BDI_Donations_TEST3" name="donationMatchRules19" time="3227" />
  <testcase classname="BDI_Donations_TEST3" name="donationMatchRules1b" time="3304" />
  <testcase classname="BDI_Donations_TEST3" name="donationMatchRules1c" time="3028" />
  <testcase classname="BDI_Donations_TEST3" name="donationMatchRules1d" time="3135" />
  <testcase classname="BDI_Donations_TEST3" name="donationMatchRules2" time="3198" />
  <testcase classname="BDI_Donations_TEST3" name="donationMatchRules3" time="14" />
  <testcase classname="BDI_Donations_TEST3" name="donationMatchRules4" time="2971" />
  <testcase classname="BDI_Donations_TEST3" name="donationMatchRules4b" time="3360" />
  <testcase classname="BDI_Donations_TEST3" name="donationMatchRules5" time="3118" />
  <testcase classname="BDI_Donations_TEST3" name="donationMatchRules5b" time="3359" />
  <testcase classname="BDI_Donations_TEST3" name="donationMatchRules6" time="3293" />
  <testcase classname="BDI_Donations_TEST3" name="donationMatchRules7" time="2945" />
  <testcase classname="BDI_Donations_TEST3" name="donationMatchRules7b" time="3350" />
  <testcase classname="BDI_Donations_TEST3" name="donationMatchRules8" time="3096" />
  <testcase classname="BDI_Donations_TEST3" name="donationMatchRules9" time="3026" />
  <testcase classname="BDI_Donations_TEST3" name="donationMatchRules9b" time="3182" />
  <testcase classname="BDI_Donations_TEST3" name="setupTestData" time="24" />
  <testcase classname="BDI_DryRun_TEST" name="TwoDIWithDonationsAndCampaignIdsInDryRun" time="4637" />
  <testcase classname="BDI_DryRun_TEST" name="TwoDIWithDonationsAndDuplicateCampaignNameInDryRun" time="849" />
  <testcase classname="BDI_DryRun_TEST" name="givenOppHasWrittenOffPmtWhenDryRunExecutesThenWrittenOffPmtShouldNotBeMatched" time="4324" />
  <testcase classname="BDI_DryRun_TEST" name="manyDIContainingErrors" time="919" />
  <testcase classname="BDI_DryRun_TEST" name="manyDIExistingA1A2Accounts" time="1024" />
  <testcase classname="BDI_DryRun_TEST" name="manyDIExistingC1ContactExistingBestMatchedDonations" time="2258" />
  <testcase classname="BDI_DryRun_TEST" name="manyDIExistingC1ContactExistingMatchedByIdDonations" time="1885" />
  <testcase classname="BDI_DryRun_TEST" name="manyDIExistingC1ContactExistingMatchedByIdPayments" time="2036" />
  <testcase classname="BDI_DryRun_TEST" name="manyDIExistingC1ContactExistingMatchedDonations" time="1923" />
  <testcase classname="BDI_DryRun_TEST" name="manyDIExistingC1ContactNewDonations" time="1340" />
  <testcase classname="BDI_DryRun_TEST" name="manyDIExistingC1ContactNewDonationsInvalidRecordtype" time="1294" />
  <testcase classname="BDI_DryRun_TEST" name="manyDIExistingC1andC2Contacts" time="1315" />
  <testcase classname="BDI_DryRun_TEST" name="manyDIExistingHomeAddresses" time="1468" />
  <testcase classname="BDI_DryRun_TEST" name="manyDINewC1ContactNewDonations" time="947" />
  <testcase classname="BDI_DryRun_TEST" name="manyDINewC1andC2Contacts" time="963" />
  <testcase classname="BDI_DryRun_TEST" name="manyDISameBatch" time="1172" />
  <testcase classname="BDI_DryRun_TEST" name="manyDISameNewA1A2Accounts" time="861" />
  <testcase classname="BDI_DryRun_TEST" name="manyDISameNewC1Contact" time="922" />
  <testcase classname="BDI_DryRun_TEST" name="manyDISameNewC1andC2Contacts" time="906" />
  <testcase classname="BDI_DryRun_TEST" name="manyDIUpdatedHomeAddresses" time="1574" />
  <testcase classname="BDI_DryRun_TEST" name="setupTestData" time="64" />
  <testcase classname="BDI_GAUAllocationsUtil_TEST" name="createTestData" time="2890" />
  <testcase classname="BDI_GAUAllocationsUtil_TEST" name="defaultGAUAllocsShouldNotThrowError" time="6413" />
  <testcase classname="BDI_GAUAllocationsUtil_TEST" name="gauValidationsShouldBeEnforcedAndGAUsAssignedCorrectly" time="6184" />
  <testcase classname="BDI_ManageAdvancedMappingCtrl_TEST" name="setupTestData" time="19" />
  <testcase classname="BDI_ManageAdvancedMappingCtrl_TEST" name="shouldCreateDataImportFieldMappingMetadata" time="592" />
  <testcase classname="BDI_ManageAdvancedMappingCtrl_TEST" name="shouldCreateDataImportObjectMappingMetadata" time="116" />
  <testcase classname="BDI_ManageAdvancedMappingCtrl_TEST" name="shouldCreateDeploymentEventOnDeployment" time="109" />
  <testcase classname="BDI_ManageAdvancedMappingCtrl_TEST" name="shouldFlagFieldMappingsAsDeleted" time="114" />
  <testcase classname="BDI_ManageAdvancedMappingCtrl_TEST" name="shouldGetCorrectNumberOfFieldMappingWrappersForGivenObjectMapping" time="103" />
  <testcase classname="BDI_ManageAdvancedMappingCtrl_TEST" name="shouldGetCorrectNumberOfObjectMappingFieldInfosForGivenObject" time="196" />
  <testcase classname="BDI_ManageAdvancedMappingCtrl_TEST" name="shouldGetCorrectNumberOfObjectMappingWrappers" time="104" />
  <testcase classname="BDI_ManageAdvancedMappingCtrl_TEST" name="shouldReturnDefaultDataImportFieldMappingSetName" time="316" />
  <testcase classname="BDI_ManageAdvancedMappingCtrl_TEST" name="shouldReturnNamespaceWrapper" time="134" />
  <testcase classname="BDI_ManageAdvancedMappingCtrl_TEST" name="userIsAdmin" time="867" />
  <testcase classname="BDI_ManageAdvancedMappingCtrl_TEST" name="userIsNotAdmin" time="629" />
  <testcase classname="BDI_MappingServiceAdvanced_TEST" name="setupTestData" time="22" />
  <testcase classname="BDI_MappingServiceAdvanced_TEST" name="shouldAddDonationDonorFieldToMapsAsSimulatedFieldMapping" time="518" />
  <testcase classname="BDI_MappingServiceAdvanced_TEST" name="shouldAddObjetMappingImportedFieldsToMapsAsSimulatedFieldMappings" time="127" />
  <testcase classname="BDI_MappingServiceAdvanced_TEST" name="shouldReturnCorrectDefaultsForDISCustSetting" time="25" />
  <testcase classname="BDI_MappingServiceAdvanced_TEST" name="shouldReturnMapOfFieldsForCoreObject" time="104" />
  <testcase classname="BDI_MappingServiceAdvanced_TEST" name="shouldReturnPopulatedBDIFieldMappingSet" time="107" />
  <testcase classname="BDI_MappingServiceAdvanced_TEST" name="shouldReturnPopulatedBDIFieldMappingSetIncludingFieldMappingsByObjMappingDevName" time="109" />
  <testcase classname="BDI_MatchDonations_TEST" name="setupTestData" time="30" />
  <testcase classname="BDI_MatchDonations_TEST" name="shouldNotPopulateDonationMatchingAccountQueryIds" time="2786" />
  <testcase classname="BDI_MatchDonations_TEST" name="shouldNotPopulateDonationMatchingContactQueryIds" time="17" />
  <testcase classname="BDI_MatchDonations_TEST" name="shouldPopulateDonationMatchingAccountQueryIds" time="353" />
  <testcase classname="BDI_MatchDonations_TEST" name="shouldPopulateDonationMatchingContactQueryIds" time="84" />
  <testcase classname="BDI_MatchDonations_TEST" name="shouldPopulateDonationMatchingOpportunityQueryIds" time="70" />
  <testcase classname="BDI_PerfLogger_TEST" name="setupTestData" time="129" />
  <testcase classname="BDI_PerfLogger_TEST" name="testPerfLoggerMultipleCallsSameLabel" time="3033" />
  <testcase classname="BDI_PerfLogger_TEST" name="testPerfLoggerSaving" time="2046" />
  <testcase classname="BDI_PerfLogger_TEST" name="testPerfLoggerTiming" time="2036" />
  <testcase classname="BDI_PostProcess_TEST" name="setupTestData" time="47" />
  <testcase classname="BDI_PostProcess_TEST" name="testRelCreatedForDIsWithC1AndC2" time="5725" />
  <testcase classname="BDI_ProcessSelectedDIs_TEST" name="setupTestData" time="24" />
  <testcase classname="BDI_ProcessSelectedDIs_TEST" name="testAlreadyImportedError" time="2543" />
  <testcase classname="BDI_ProcessSelectedDIs_TEST" name="testBatchDataImportRecordError" time="267" />
  <testcase classname="BDI_ProcessSelectedDIs_TEST" name="testDIIdsPassed" time="86" />
  <testcase classname="BDI_ProcessSelectedDIs_TEST" name="testNoRecordSelected" time="8" />
  <testcase classname="BDI_ProcessSelectedDIs_TEST" name="testTooManyDIRecordError" time="80" />
  <testcase classname="BDI_RecurringDonations_TEST" name="setupTestData" time="22629" />
  <testcase classname="BDI_RecurringDonations_TEST" name="shouldCreateAndUpdateRecurringDonation" time="5005" />
  <testcase classname="BDI_RecurringDonations_TEST" name="shouldRunBDIDryRunAndMatchAndImportNewDonationOnExistingRD" time="1934" />
  <testcase classname="BDI_SettingsUI_TEST" name="setupTestData" time="19" />
  <testcase classname="BDI_SettingsUI_TEST" name="testBDISettingsUI" time="610" />
  <testcase classname="BDI_SettingsUI_TEST" name="testBDI_SettingsUIMapping_AdvancedMapping" time="124" />
</testsuite>